action_123
action_3d_rotation
action_abc
action_accessibility
action_accessibility_new
action_accessible
action_accessible_forward
action_account_balance
action_account_balance_wallet
action_account_box
action_account_circle
action_add_card
action_add_home
action_add_shopping_cart
action_add_task
action_add_to_drive
action_addchart
action_admin_panel_settings
action_ads_click
action_alarm
action_alarm_add
action_alarm_off
action_alarm_on
action_all_inbox
action_all_out
action_analytics
action_anchor
action_android
action_announcement
action_api
action_app_blocking
action_app_shortcut
action_arrow_circle_down
action_arrow_circle_left
action_arrow_circle_right
action_arrow_circle_up
action_arrow_outward
action_arrow_right_alt
action_article
action_aspect_ratio
action_assessment
action_assignment
action_assignment_add
action_assignment_ind
action_assignment_late
action_assignment_return
action_assignment_returned
action_assignment_turned_in
action_assured_workload
action_autorenew
action_backup
action_backup_table
action_balance
action_barcode_reader
action_batch_prediction
action_book
action_book_online
action_bookmark
action_bookmark_add
action_bookmark_added
action_bookmark_border
action_bookmark_remove
action_bookmarks
action_browse_gallery
action_bug_report
action_build
action_build_circle
action_cached
action_calendar_month
action_calendar_today
action_calendar_view_day
action_calendar_view_month
action_calendar_view_week
action_camera_enhance
action_cancel_schedule_send
action_card_giftcard
action_card_membership
action_card_travel
action_change_history
action_check_circle
action_check_circle_outline
action_chrome_reader_mode
action_circle_notifications
action_class
action_close_fullscreen
action_code
action_code_off
action_comment_bank
action_commit
action_commute
action_compare_arrows
action_compress
action_contact_page
action_contact_support
action_contactless
action_copyright
action_credit_card
action_credit_card_off
action_css
action_currency_exchange
action_dangerous
action_dashboard
action_dashboard_customize
action_data_exploration
action_data_thresholding
action_date_range
action_delete
action_delete_forever
action_delete_outline
action_density_large
action_density_medium
action_density_small
action_description
action_disabled_by_default
action_disabled_visible
action_display_settings
action_dns
action_done
action_done_all
action_done_outline
action_donut_large
action_donut_small
action_drag_indicator
action_dynamic_form
action_eco
action_edit_calendar
action_edit_document
action_edit_off
action_edit_square
action_eject
action_euro_symbol
action_event
action_event_repeat
action_event_seat
action_exit_to_app
action_expand
action_explore
action_explore_off
action_extension
action_extension_off
action_face
action_fact_check
action_favorite
action_favorite_border
action_fax
action_feedback
action_file_present
action_filter_alt
action_filter_alt_off
action_filter_list_alt
action_find_in_page
action_find_replace
action_fingerprint
action_fit_screen
action_flaky
action_flight_land
action_flight_takeoff
action_flip_to_back
action_flip_to_front
action_flutter_dash
action_free_cancellation
action_g_translate
action_gavel
action_generating_tokens
action_get_app
action_gif
action_gif_box
action_grade
action_grading
action_group_work
action_help
action_help_center
action_help_outline
action_hide_source
action_highlight_alt
action_highlight_off
action_history
action_history_toggle_off
action_hls
action_hls_off
action_home
action_home_filled
action_horizontal_split
action_hotel_class
action_hourglass_disabled
action_hourglass_empty
action_hourglass_full
action_html
action_http
action_https
action_important_devices
action_info
action_info_outline
action_input
action_install_desktop
action_install_mobile
action_integration_instructions
action_invert_colors
action_javascript
action_join_full
action_join_inner
action_join_left
action_join_right
action_label
action_label_important
action_label_important_outline
action_label_off
action_label_outline
action_language
action_launch
action_leaderboard
action_lightbulb
action_lightbulb_circle
action_lightbulb_outline
action_line_style
action_line_weight
action_list
action_lock
action_lock_clock
action_lock_open
action_lock_outline
action_lock_person
action_lock_reset
action_login
action_logout
action_loyalty
action_manage_accounts
action_manage_history
action_mark_as_unread
action_markunread_mailbox
action_maximize
action_mediation
action_minimize
action_model_training
action_network_ping
action_new_label
action_next_plan
action_nightlight_round
action_no_accounts
action_noise_aware
action_noise_control_off
action_not_accessible
action_not_started
action_note_add
action_offline_bolt
action_offline_pin
action_on_device_training
action_online_prediction
action_opacity
action_open_in_browser
action_open_in_full
action_open_in_new
action_open_in_new_off
action_open_with
action_outbond
action_outbound
action_outbox
action_outgoing_mail
action_outlet
action_output
action_pageview
action_paid
action_pan_tool
action_pan_tool_alt
action_payment
action_pending
action_pending_actions
action_percent
action_perm_camera_mic
action_perm_contact_calendar
action_perm_data_setting
action_perm_device_information
action_perm_identity
action_perm_media
action_perm_phone_msg
action_perm_scan_wifi
action_pets
action_php
action_picture_in_picture
action_picture_in_picture_alt
action_pin_end
action_pin_invoke
action_pinch
action_plagiarism
action_play_for_work
action_polymer
action_power_settings_new
action_pregnant_woman
action_preview
action_print
action_privacy_tip
action_private_connectivity
action_production_quantity_limits
action_published_with_changes
action_query_builder
action_question_answer
action_question_mark
action_quickreply
action_rebase_edit
action_receipt
action_record_voice_over
action_redeem
action_remove_done
action_remove_shopping_cart
action_reorder
action_repartition
action_report_problem
action_request_page
action_restore
action_restore_from_trash
action_restore_page
action_rocket
action_rocket_launch
action_room
action_rounded_corner
action_rowing
action_rule
action_satellite_alt
action_saved_search
action_savings
action_schedule
action_schedule_send
action_search
action_search_off
action_segment
action_send_and_archive
action_sensors
action_sensors_off
action_settings
action_settings_accessibility
action_settings_applications
action_settings_backup_restore
action_settings_bluetooth
action_settings_brightness
action_settings_cell
action_settings_ethernet
action_settings_input_antenna
action_settings_input_component
action_settings_input_composite
action_settings_input_hdmi
action_settings_input_svideo
action_settings_overscan
action_settings_phone
action_settings_power
action_settings_remote
action_settings_voice
action_shop
action_shop_2
action_shop_two
action_shopping_bag
action_shopping_basket
action_shopping_cart
action_shopping_cart_checkout
action_smart_button
action_source
action_space_dashboard
action_spatial_audio
action_spatial_audio_off
action_spatial_tracking
action_speaker_notes
action_speaker_notes_off
action_spellcheck
action_star_rate
action_stars
action_sticky_note_2
action_store
action_subject
action_subtitles_off
action_supervised_user_circle
action_supervisor_account
action_support
action_swap_horiz
action_swap_horizontal_circle
action_swap_vert
action_swap_vertical_circle
action_swipe
action_swipe_down
action_swipe_down_alt
action_swipe_left
action_swipe_left_alt
action_swipe_right
action_swipe_right_alt
action_swipe_up
action_swipe_up_alt
action_swipe_vertical
action_switch_access_shortcut
action_switch_access_shortcut_add
action_sync_alt
action_system_update_alt
action_tab
action_tab_unselected
action_table_view
action_task_alt
action_terminal
action_text_rotate_up
action_text_rotate_vertical
action_text_rotation_angledown
action_text_rotation_angleup
action_text_rotation_down
action_text_rotation_none
action_theaters
action_thumb_down
action_thumb_down_off_alt
action_thumb_up
action_thumb_up_off_alt
action_thumbs_up_down
action_timeline
action_tips_and_updates
action_toc
action_today
action_token
action_toll
action_touch_app
action_tour
action_track_changes
action_transcribe
action_translate
action_trending_down
action_trending_flat
action_trending_up
action_troubleshoot
action_try
action_turned_in
action_turned_in_not
action_unfold_less_double
action_unfold_more_double
action_unpublished
action_update
action_update_disabled
action_upgrade
action_verified
action_verified_user
action_vertical_split
action_view_agenda
action_view_array
action_view_carousel
action_view_column
action_view_comfy_alt
action_view_compact_alt
action_view_cozy
action_view_day
action_view_headline
action_view_in_ar
action_view_kanban
action_view_list
action_view_module
action_view_quilt
action_view_sidebar
action_view_stream
action_view_timeline
action_view_week
action_visibility
action_visibility_off
action_voice_over_off
action_watch_later
action_webhook
action_width_full
action_width_normal
action_width_wide
action_wifi_protected_setup
action_work
action_work_history
action_work_off
action_work_outline
action_wysiwyg
action_youtube_searched_for
action_zoom_in
action_zoom_out
alert_add_alert
alert_auto_delete
alert_error
alert_error_outline
alert_notification_important
alert_warning
alert_warning_amber
av_10k
av_1k
av_1k_plus
av_2k
av_2k_plus
av_3k
av_3k_plus
av_4k
av_4k_plus
av_5g
av_5k
av_5k_plus
av_6k
av_6k_plus
av_7k
av_7k_plus
av_8k
av_8k_plus
av_9k
av_9k_plus
av_add_to_queue
av_airplay
av_album
av_art_track
av_audio_file
av_av_timer
av_branding_watermark
av_call_to_action
av_closed_caption
av_closed_caption_disabled
av_closed_caption_off
av_control_camera
av_equalizer
av_explicit
av_fast_forward
av_fast_rewind
av_featured_play_list
av_featured_video
av_fiber_dvr
av_fiber_manual_record
av_fiber_new
av_fiber_pin
av_fiber_smart_record
av_forward_10
av_forward_30
av_forward_5
av_games
av_hd
av_hearing
av_hearing_disabled
av_high_quality
av_interpreter_mode
av_library_add
av_library_add_check
av_library_books
av_library_music
av_loop
av_lyrics
av_mic
av_mic_none
av_mic_off
av_missed_video_call
av_movie
av_movie_edit
av_music_video
av_new_releases
av_not_interested
av_note
av_pause
av_pause_circle
av_pause_circle_filled
av_pause_circle_outline
av_play_arrow
av_play_circle
av_play_circle_filled
av_play_circle_outline
av_play_disabled
av_playlist_add
av_playlist_add_check
av_playlist_add_check_circle
av_playlist_add_circle
av_playlist_play
av_playlist_remove
av_queue
av_queue_music
av_queue_play_next
av_radio
av_recent_actors
av_remove_from_queue
av_repeat
av_repeat_on
av_repeat_one
av_repeat_one_on
av_replay
av_replay_10
av_replay_30
av_replay_5
av_replay_circle_filled
av_sd
av_shuffle
av_shuffle_on
av_skip_next
av_skip_previous
av_slow_motion_video
av_snooze
av_sort_by_alpha
av_speed
av_stop
av_stop_circle
av_subscriptions
av_subtitles
av_surround_sound
av_video_call
av_video_file
av_video_label
av_video_library
av_video_settings
av_videocam
av_videocam_off
av_volume_down
av_volume_down_alt
av_volume_mute
av_volume_off
av_volume_up
av_web
av_web_asset
av_web_asset_off
communication_3p
communication_add_ic_call
communication_alternate_email
communication_app_registration
communication_business
communication_call
communication_call_end
communication_call_made
communication_call_merge
communication_call_missed
communication_call_missed_outgoing
communication_call_received
communication_call_split
communication_cancel_presentation
communication_cell_tower
communication_cell_wifi
communication_chat
communication_chat_bubble
communication_chat_bubble_outline
communication_clear_all
communication_co_present
communication_comment
communication_comments_disabled
communication_contact_emergency
communication_contact_mail
communication_contact_phone
communication_contacts
communication_desktop_access_disabled
communication_dialer_sip
communication_dialpad
communication_document_scanner
communication_domain_disabled
communication_domain_verification
communication_duo
communication_email
communication_forum
communication_forward_to_inbox
communication_hourglass_bottom
communication_hourglass_top
communication_hub
communication_import_contacts
communication_import_export
communication_invert_colors_off
communication_key
communication_key_off
communication_list_alt
communication_live_help
communication_location_off
communication_location_on
communication_mail_lock
communication_mail_outline
communication_mark_chat_read
communication_mark_chat_unread
communication_mark_email_read
communication_mark_email_unread
communication_mark_unread_chat_alt
communication_message
communication_mobile_screen_share
communication_more_time
communication_nat
communication_no_sim
communication_pause_presentation
communication_person_add_disabled
communication_person_search
communication_phone
communication_phone_disabled
communication_phone_enabled
communication_phonelink_erase
communication_phonelink_lock
communication_phonelink_ring
communication_phonelink_setup
communication_portable_wifi_off
communication_present_to_all
communication_print_disabled
communication_qr_code
communication_qr_code_2
communication_qr_code_scanner
communication_read_more
communication_ring_volume
communication_rss_feed
communication_rtt
communication_screen_share
communication_send_time_extension
communication_sentiment_satisfied_alt
communication_sip
communication_speaker_phone
communication_spoke
communication_stay_current_landscape
communication_stay_current_portrait
communication_stay_primary_landscape
communication_stay_primary_portrait
communication_stop_screen_share
communication_swap_calls
communication_textsms
communication_unsubscribe
communication_voicemail
communication_vpn_key
communication_vpn_key_off
communication_wifi_calling
content_add
content_add_box
content_add_circle
content_add_circle_outline
content_add_link
content_amp_stories
content_archive
content_attribution
content_backspace
content_ballot
content_biotech
content_block
content_block_flipped
content_bolt
content_calculate
content_change_circle
content_clear
content_content_copy
content_content_cut
content_content_paste
content_content_paste_go
content_content_paste_off
content_content_paste_search
content_copy_all
content_create
content_delete_sweep
content_deselect
content_drafts
content_dynamic_feed
content_file_copy
content_filter_list
content_filter_list_off
content_flag
content_flag_circle
content_font_download
content_font_download_off
content_forward
content_gesture
content_how_to_reg
content_how_to_vote
content_inbox
content_insights
content_inventory
content_inventory_2
content_link
content_link_off
content_low_priority
content_mail
content_markunread
content_move_to_inbox
content_next_week
content_outlined_flag
content_policy
content_push_pin
content_redo
content_remove
content_remove_circle
content_remove_circle_outline
content_reply
content_reply_all
content_report
content_report_gmailerrorred
content_report_off
content_save
content_save_alt
content_save_as
content_select_all
content_send
content_shield
content_sort
content_square_foot
content_stacked_bar_chart
content_stream
content_tag
content_text_format
content_unarchive
content_undo
content_upcoming
content_waves
content_web_stories
content_weekend
content_where_to_vote
device_1x_mobiledata
device_30fps
device_3g_mobiledata
device_4g_mobiledata
device_4g_plus_mobiledata
device_60fps
device_access_alarm
device_access_alarms
device_access_time
device_access_time_filled
device_ad_units
device_add_alarm
device_add_to_home_screen
device_air
device_airplane_ticket
device_airplanemode_active
device_airplanemode_inactive
device_aod
device_battery_0_bar
device_battery_1_bar
device_battery_2_bar
device_battery_3_bar
device_battery_4_bar
device_battery_5_bar
device_battery_6_bar
device_battery_alert
device_battery_charging_full
device_battery_full
device_battery_saver
device_battery_std
device_battery_unknown
device_bloodtype
device_bluetooth
device_bluetooth_connected
device_bluetooth_disabled
device_bluetooth_drive
device_bluetooth_searching
device_brightness_auto
device_brightness_high
device_brightness_low
device_brightness_medium
device_cable
device_cameraswitch
device_credit_score
device_dark_mode
device_data_saver_off
device_data_saver_on
device_data_usage
device_dataset
device_dataset_linked
device_developer_mode
device_device_thermostat
device_devices
device_devices_fold
device_discount
device_do_not_disturb_on_total_silence
device_dvr
device_e_mobiledata
device_edgesensor_high
device_edgesensor_low
device_flashlight_off
device_flashlight_on
device_flourescent
device_fluorescent
device_fmd_bad
device_fmd_good
device_g_mobiledata
device_gpp_bad
device_gpp_good
device_gpp_maybe
device_gps_fixed
device_gps_not_fixed
device_gps_off
device_graphic_eq
device_grid_3x3
device_grid_4x4
device_grid_goldenratio
device_h_mobiledata
device_h_plus_mobiledata
device_hdr_auto
device_hdr_auto_select
device_hdr_off_select
device_hdr_on_select
device_lan
device_lens_blur
device_light_mode
device_location_disabled
device_location_searching
device_lte_mobiledata
device_lte_plus_mobiledata
device_macro_off
device_media_bluetooth_off
device_media_bluetooth_on
device_medication
device_medication_liquid
device_mobile_friendly
device_mobile_off
device_mobiledata_off
device_mode_night
device_mode_standby
device_monitor_heart
device_monitor_weight
device_nearby_error
device_nearby_off
device_network_cell
device_network_wifi
device_network_wifi_1_bar
device_network_wifi_2_bar
device_network_wifi_3_bar
device_nfc
device_nightlight
device_note_alt
device_password
device_pattern
device_phishing
device_pin
device_play_lesson
device_price_change
device_price_check
device_punch_clock
device_quiz
device_r_mobiledata
device_radar
device_remember_me
device_reset_tv
device_restart_alt
device_reviews
device_rsvp
device_screen_lock_landscape
device_screen_lock_portrait
device_screen_lock_rotation
device_screen_rotation
device_screen_search_desktop
device_screenshot
device_screenshot_monitor
device_sd_storage
device_security_update
device_security_update_good
device_security_update_warning
device_sell
device_send_to_mobile
device_settings_suggest
device_settings_system_daydream
device_share_location
device_shortcut
device_signal_cellular_0_bar
device_signal_cellular_4_bar
device_signal_cellular_alt
device_signal_cellular_alt_1_bar
device_signal_cellular_alt_2_bar
device_signal_cellular_connected_no_internet_0_bar
device_signal_cellular_connected_no_internet_4_bar
device_signal_cellular_no_sim
device_signal_cellular_nodata
device_signal_cellular_null
device_signal_cellular_off
device_signal_wifi_0_bar
device_signal_wifi_4_bar
device_signal_wifi_4_bar_lock
device_signal_wifi_bad
device_signal_wifi_connected_no_internet_4
device_signal_wifi_off
device_signal_wifi_statusbar_4_bar
device_signal_wifi_statusbar_connected_no_internet_4
device_signal_wifi_statusbar_null
device_sim_card_download
device_splitscreen
device_sports_score
device_ssid_chart
device_storage
device_storm
device_summarize
device_system_security_update
device_system_security_update_good
device_system_security_update_warning
device_task
device_thermostat
device_timer_10_select
device_timer_3_select
device_tungsten
device_usb
device_usb_off
device_wallpaper
device_water
device_widgets
device_wifi_1_bar
device_wifi_2_bar
device_wifi_calling_3
device_wifi_channel
device_wifi_find
device_wifi_lock
device_wifi_password
device_wifi_tethering
device_wifi_tethering_error
device_wifi_tethering_error_rounded
device_wifi_tethering_off
editor_add_chart
editor_add_comment
editor_align_horizontal_center
editor_align_horizontal_left
editor_align_horizontal_right
editor_align_vertical_bottom
editor_align_vertical_center
editor_align_vertical_top
editor_area_chart
editor_attach_file
editor_attach_money
editor_auto_graph
editor_bar_chart
editor_border_all
editor_border_bottom
editor_border_clear
editor_border_color
editor_border_horizontal
editor_border_inner
editor_border_left
editor_border_outer
editor_border_right
editor_border_style
editor_border_top
editor_border_vertical
editor_bubble_chart
editor_candlestick_chart
editor_checklist
editor_checklist_rtl
editor_data_array
editor_data_object
editor_drag_handle
editor_draw
editor_edit_note
editor_format_align_center
editor_format_align_justify
editor_format_align_left
editor_format_align_right
editor_format_bold
editor_format_clear
editor_format_color_fill
editor_format_color_reset
editor_format_color_text
editor_format_indent_decrease
editor_format_indent_increase
editor_format_italic
editor_format_line_spacing
editor_format_list_bulleted
editor_format_list_bulleted_add
editor_format_list_numbered
editor_format_list_numbered_rtl
editor_format_paint
editor_format_quote
editor_format_shapes
editor_format_size
editor_format_strikethrough
editor_format_textdirection_l_to_r
editor_format_textdirection_r_to_l
editor_format_underlined
editor_functions
editor_height
editor_hexagon
editor_highlight
editor_horizontal_distribute
editor_horizontal_rule
editor_insert_chart
editor_insert_chart_outlined
editor_insert_comment
editor_insert_drive_file
editor_insert_emoticon
editor_insert_invitation
editor_insert_link
editor_insert_page_break
editor_insert_photo
editor_line_axis
editor_linear_scale
editor_margin
editor_merge_type
editor_mode
editor_mode_comment
editor_mode_edit
editor_mode_edit_outline
editor_monetization_on
editor_money_off
editor_money_off_csred
editor_move_down
editor_move_up
editor_multiline_chart
editor_notes
editor_numbers
editor_padding
editor_pentagon
editor_pie_chart
editor_pie_chart_outline
editor_pie_chart_outlined
editor_polyline
editor_post_add
editor_publish
editor_query_stats
editor_rectangle
editor_scatter_plot
editor_schema
editor_score
editor_shape_line
editor_short_text
editor_show_chart
editor_space_bar
editor_square
editor_stacked_line_chart
editor_strikethrough_s
editor_subscript
editor_superscript
editor_table_chart
editor_table_rows
editor_text_decrease
editor_text_fields
editor_text_increase
editor_title
editor_type_specimen
editor_vertical_align_bottom
editor_vertical_align_center
editor_vertical_align_top
editor_vertical_distribute
editor_wrap_text
file_approval
file_attach_email
file_attachment
file_cloud
file_cloud_circle
file_cloud_done
file_cloud_download
file_cloud_off
file_cloud_queue
file_cloud_sync
file_cloud_upload
file_create_new_folder
file_difference
file_download
file_download_done
file_download_for_offline
file_downloading
file_drive_file_move
file_drive_file_move_outline
file_drive_file_move_rtl
file_drive_file_rename_outline
file_drive_folder_upload
file_file_download
file_file_download_done
file_file_download_off
file_file_open
file_file_upload
file_file_upload_off
file_folder
file_folder_copy
file_folder_delete
file_folder_off
file_folder_open
file_folder_shared
file_folder_zip
file_format_overline
file_grid_view
file_newspaper
file_request_quote
file_rule_folder
file_snippet_folder
file_text_snippet
file_topic
file_upload
file_upload_file
file_workspaces
file_workspaces_filled
file_workspaces_outline
hardware_adf_scanner
hardware_browser_not_supported
hardware_browser_updated
hardware_cast
hardware_cast_connected
hardware_cast_for_education
hardware_computer
hardware_connected_tv
hardware_conveyor_belt
hardware_desktop_mac
hardware_desktop_windows
hardware_developer_board
hardware_developer_board_off
hardware_device_hub
hardware_device_unknown
hardware_devices_other
hardware_dock
hardware_earbuds
hardware_earbuds_battery
hardware_forklift
hardware_front_loader
hardware_gamepad
hardware_headphones
hardware_headphones_battery
hardware_headset
hardware_headset_mic
hardware_headset_off
hardware_home_max
hardware_home_mini
hardware_keyboard
hardware_keyboard_alt
hardware_keyboard_arrow_down
hardware_keyboard_arrow_left
hardware_keyboard_arrow_right
hardware_keyboard_arrow_up
hardware_keyboard_backspace
hardware_keyboard_capslock
hardware_keyboard_command_key
hardware_keyboard_control_key
hardware_keyboard_double_arrow_down
hardware_keyboard_double_arrow_left
hardware_keyboard_double_arrow_right
hardware_keyboard_double_arrow_up
hardware_keyboard_hide
hardware_keyboard_option_key
hardware_keyboard_return
hardware_keyboard_tab
hardware_keyboard_voice
hardware_laptop
hardware_laptop_chromebook
hardware_laptop_mac
hardware_laptop_windows
hardware_memory
hardware_monitor
hardware_mouse
hardware_pallet
hardware_phone_android
hardware_phone_iphone
hardware_phonelink
hardware_phonelink_off
hardware_point_of_sale
hardware_power_input
hardware_router
hardware_scanner
hardware_security
hardware_sim_card
hardware_smart_display
hardware_smart_screen
hardware_smart_toy
hardware_smartphone
hardware_speaker
hardware_speaker_group
hardware_start
hardware_tablet
hardware_tablet_android
hardware_tablet_mac
hardware_toys
hardware_trolley
hardware_tv
hardware_videogame_asset
hardware_videogame_asset_off
hardware_watch
hardware_watch_off
home_auto_mode
home_blinds
home_blinds_closed
home_broadcast_on_home
home_broadcast_on_personal
home_cloudy_snowing
home_curtains
home_curtains_closed
home_electric_bolt
home_electric_meter
home_energy_savings_leaf
home_foggy
home_gas_meter
home_heat_pump
home_mode_fan_off
home_nest_cam_wired_stand
home_oil_barrel
home_propane
home_propane_tank
home_roller_shades
home_roller_shades_closed
home_sensor_door
home_sensor_occupied
home_sensor_window
home_shelves
home_shield_moon
home_snowing
home_solar_power
home_sunny
home_sunny_snowing
home_vertical_shades
home_vertical_shades_closed
home_wind_power
image_10mp
image_11mp
image_12mp
image_13mp
image_14mp
image_15mp
image_16mp
image_17mp
image_18mp
image_19mp
image_20mp
image_21mp
image_22mp
image_23mp
image_24mp
image_2mp
image_30fps_select
image_3mp
image_4mp
image_5mp
image_60fps_select
image_6mp
image_7mp
image_8mp
image_9mp
image_add_a_photo
image_add_photo_alternate
image_add_to_photos
image_adjust
image_animation
image_assistant
image_assistant_photo
image_audiotrack
image_auto_awesome
image_auto_awesome_mosaic
image_auto_awesome_motion
image_auto_fix_high
image_auto_fix_normal
image_auto_fix_off
image_auto_stories
image_autofps_select
image_bedtime
image_bedtime_off
image_blur_circular
image_blur_linear
image_blur_off
image_blur_on
image_brightness_1
image_brightness_2
image_brightness_3
image_brightness_4
image_brightness_5
image_brightness_6
image_brightness_7
image_broken_image
image_brush
image_burst_mode
image_camera
image_camera_alt
image_camera_front
image_camera_rear
image_camera_roll
image_cases
image_center_focus_strong
image_center_focus_weak
image_circle
image_collections
image_collections_bookmark
image_color_lens
image_colorize
image_compare
image_contrast
image_control_point
image_control_point_duplicate
image_crop
image_crop_16_9
image_crop_3_2
image_crop_5_4
image_crop_7_5
image_crop_din
image_crop_free
image_crop_landscape
image_crop_original
image_crop_portrait
image_crop_rotate
image_crop_square
image_currency_bitcoin
image_currency_franc
image_currency_lira
image_currency_pound
image_currency_ruble
image_currency_rupee
image_currency_yen
image_currency_yuan
image_deblur
image_dehaze
image_details
image_dirty_lens
image_edit
image_euro
image_exposure
image_exposure_neg_1
image_exposure_neg_2
image_exposure_plus_1
image_exposure_plus_2
image_exposure_zero
image_face_retouching_natural
image_face_retouching_off
image_filter
image_filter_1
image_filter_2
image_filter_3
image_filter_4
image_filter_5
image_filter_6
image_filter_7
image_filter_8
image_filter_9
image_filter_9_plus
image_filter_b_and_w
image_filter_center_focus
image_filter_drama
image_filter_frames
image_filter_hdr
image_filter_none
image_filter_tilt_shift
image_filter_vintage
image_flare
image_flash_auto
image_flash_off
image_flash_on
image_flip
image_flip_camera_android
image_flip_camera_ios
image_gradient
image_grain
image_grid_off
image_grid_on
image_hdr_enhanced_select
image_hdr_off
image_hdr_on
image_hdr_plus
image_hdr_strong
image_hdr_weak
image_healing
image_hevc
image_hide_image
image_image
image_image_aspect_ratio
image_image_not_supported
image_image_search
image_incomplete_circle
image_iso
image_landscape
image_leak_add
image_leak_remove
image_lens
image_linked_camera
image_logo_dev
image_looks
image_looks_3
image_looks_4
image_looks_5
image_looks_6
image_looks_one
image_looks_two
image_loupe
image_mic_external_off
image_mic_external_on
image_monochrome_photos
image_motion_photos_auto
image_motion_photos_off
image_motion_photos_on
image_motion_photos_pause
image_motion_photos_paused
image_movie_creation
image_movie_filter
image_mp
image_music_note
image_music_off
image_nature
image_nature_people
image_navigate_before
image_navigate_next
image_palette
image_panorama
image_panorama_fish_eye
image_panorama_horizontal
image_panorama_horizontal_select
image_panorama_photosphere
image_panorama_photosphere_select
image_panorama_vertical
image_panorama_vertical_select
image_panorama_wide_angle
image_panorama_wide_angle_select
image_photo
image_photo_album
image_photo_camera
image_photo_camera_back
image_photo_camera_front
image_photo_filter
image_photo_library
image_photo_size_select_actual
image_photo_size_select_large
image_photo_size_select_small
image_picture_as_pdf
image_portrait
image_raw_off
image_raw_on
image_receipt_long
image_remove_red_eye
image_rotate_90_degrees_ccw
image_rotate_90_degrees_cw
image_rotate_left
image_rotate_right
image_shutter_speed
image_slideshow
image_straighten
image_style
image_switch_camera
image_switch_video
image_tag_faces
image_texture
image_thermostat_auto
image_timelapse
image_timer
image_timer_10
image_timer_3
image_timer_off
image_tonality
image_transform
image_tune
image_video_camera_back
image_video_camera_front
image_video_stable
image_view_comfy
image_view_compact
image_vignette
image_vrpano
image_wb_auto
image_wb_cloudy
image_wb_incandescent
image_wb_iridescent
image_wb_shade
image_wb_sunny
image_wb_twighlight
image_wb_twilight
maps_360
maps_add_business
maps_add_location
maps_add_location_alt
maps_add_road
maps_agriculture
maps_airline_stops
maps_airlines
maps_alt_route
maps_atm
maps_attractions
maps_badge
maps_bakery_dining
maps_beenhere
maps_bike_scooter
maps_breakfast_dining
maps_brunch_dining
maps_bus_alert
maps_car_crash
maps_car_rental
maps_car_repair
maps_castle
maps_category
maps_celebration
maps_church
maps_cleaning_services
maps_compass_calibration
maps_connecting_airports
maps_crisis_alert
maps_delivery_dining
maps_departure_board
maps_design_services
maps_diamond
maps_dinner_dining
maps_directions
maps_directions_bike
maps_directions_boat
maps_directions_boat_filled
maps_directions_bus
maps_directions_bus_filled
maps_directions_car
maps_directions_car_filled
maps_directions_railway
maps_directions_railway_filled
maps_directions_run
maps_directions_subway
maps_directions_subway_filled
maps_directions_transit
maps_directions_transit_filled
maps_directions_walk
maps_dry_cleaning
maps_edit_attributes
maps_edit_location
maps_edit_location_alt
maps_edit_road
maps_egg
maps_egg_alt
maps_electric_bike
maps_electric_car
maps_electric_moped
maps_electric_rickshaw
maps_electric_scooter
maps_electrical_services
maps_emergency
maps_emergency_recording
maps_emergency_share
maps_ev_station
maps_factory
maps_fastfood
maps_festival
maps_fire_hydrant_alt
maps_fire_truck
maps_flight
maps_flight_class
maps_forest
maps_fork_left
maps_fork_right
maps_fort
maps_hail
maps_handyman
maps_hardware
maps_home_repair_service
maps_hotel
maps_hvac
maps_icecream
maps_kebab_dining
maps_layers
maps_layers_clear
maps_liquor
maps_local_activity
maps_local_airport
maps_local_atm
maps_local_bar
maps_local_cafe
maps_local_car_wash
maps_local_convenience_store
maps_local_dining
maps_local_drink
maps_local_fire_department
maps_local_florist
maps_local_gas_station
maps_local_grocery_store
maps_local_hospital
maps_local_hotel
maps_local_laundry_service
maps_local_library
maps_local_mall
maps_local_movies
maps_local_offer
maps_local_parking
maps_local_pharmacy
maps_local_phone
maps_local_pizza
maps_local_play
maps_local_police
maps_local_post_office
maps_local_printshop
maps_local_see
maps_local_shipping
maps_local_taxi
maps_location_pin
maps_lunch_dining
maps_map
maps_maps_ugc
maps_medical_information
maps_medical_services
maps_menu_book
maps_merge
maps_minor_crash
maps_miscellaneous_services
maps_mode_of_travel
maps_money
maps_moped
maps_mosque
maps_moving
maps_multiple_stop
maps_museum
maps_my_location
maps_navigation
maps_near_me
maps_near_me_disabled
maps_nightlife
maps_no_crash
maps_no_meals
maps_no_meals_ouline
maps_no_transfer
maps_not_listed_location
maps_park
maps_pedal_bike
maps_person_pin
maps_person_pin_circle
maps_pest_control
maps_pest_control_rodent
maps_pin_drop
maps_place
maps_plumbing
maps_railway_alert
maps_ramen_dining
maps_ramp_left
maps_ramp_right
maps_rate_review
maps_remove_road
maps_restaurant
maps_restaurant_menu
maps_roundabout_left
maps_roundabout_right
maps_route
maps_run_circle
maps_safety_check
maps_sailing
maps_satellite
maps_screen_rotation_alt
maps_set_meal
maps_signpost
maps_snowmobile
maps_sos
maps_soup_kitchen
maps_stadium
maps_store_mall_directory
maps_straight
maps_streetview
maps_subway
maps_synagogue
maps_takeout_dining
maps_taxi_alert
maps_temple_buddhist
maps_temple_hindu
maps_terrain
maps_theater_comedy
maps_tire_repair
maps_traffic
maps_train
maps_tram
maps_transfer_within_a_station
maps_transit_enterexit
maps_trip_origin
maps_turn_left
maps_turn_right
maps_turn_sharp_left
maps_turn_sharp_right
maps_turn_slight_left
maps_turn_slight_right
maps_two_wheeler
maps_u_turn_left
maps_u_turn_right
maps_volunteer_activism
maps_warehouse
maps_wine_bar
maps_wrong_location
maps_zoom_in_map
maps_zoom_out_map
navigation_add_home_work
navigation_app_settings_alt
navigation_apps
navigation_apps_outage
navigation_arrow_back
navigation_arrow_back_ios
navigation_arrow_back_ios_new
navigation_arrow_downward
navigation_arrow_drop_down
navigation_arrow_drop_down_circle
navigation_arrow_drop_up
navigation_arrow_forward
navigation_arrow_forward_ios
navigation_arrow_left
navigation_arrow_right
navigation_arrow_upward
navigation_assistant_direction
navigation_assistant_navigation
navigation_campaign
navigation_cancel
navigation_check
navigation_chevron_left
navigation_chevron_right
navigation_close
navigation_double_arrow
navigation_east
navigation_expand_circle_down
navigation_expand_less
navigation_expand_more
navigation_first_page
navigation_fullscreen
navigation_fullscreen_exit
navigation_home_work
navigation_last_page
navigation_legend_toggle
navigation_maps_home_work
navigation_menu
navigation_menu_open
navigation_more_horiz
navigation_more_vert
navigation_north
navigation_north_east
navigation_north_west
navigation_offline_share
navigation_payments
navigation_pivot_table_chart
navigation_refresh
navigation_south
navigation_south_east
navigation_south_west
navigation_subdirectory_arrow_left
navigation_subdirectory_arrow_right
navigation_switch_left
navigation_switch_right
navigation_unfold_less
navigation_unfold_more
navigation_waterfall_chart
navigation_west
notification_account_tree
notification_adb
notification_add_call
notification_airline_seat_flat
notification_airline_seat_flat_angled
notification_airline_seat_individual_suite
notification_airline_seat_legroom_extra
notification_airline_seat_legroom_normal
notification_airline_seat_legroom_reduced
notification_airline_seat_recline_extra
notification_airline_seat_recline_normal
notification_bluetooth_audio
notification_confirmation_number
notification_directions_off
notification_disc_full
notification_do_disturb
notification_do_disturb_alt
notification_do_disturb_off
notification_do_disturb_on
notification_do_not_disturb
notification_do_not_disturb_alt
notification_do_not_disturb_off
notification_do_not_disturb_on
notification_drive_eta
notification_enhanced_encryption
notification_event_available
notification_event_busy
notification_event_note
notification_folder_special
notification_imagesearch_roller
notification_live_tv
notification_mms
notification_more
notification_network_check
notification_network_locked
notification_no_encryption
notification_no_encryption_gmailerrorred
notification_ondemand_video
notification_personal_video
notification_phone_bluetooth_speaker
notification_phone_callback
notification_phone_forwarded
notification_phone_in_talk
notification_phone_locked
notification_phone_missed
notification_phone_paused
notification_power
notification_power_off
notification_priority_high
notification_running_with_errors
notification_sd_card
notification_sd_card_alert
notification_sim_card_alert
notification_sms
notification_sms_failed
notification_support_agent
notification_sync
notification_sync_disabled
notification_sync_lock
notification_sync_problem
notification_system_update
notification_tap_and_play
notification_time_to_leave
notification_tv_off
notification_vibration
notification_video_chat
notification_voice_chat
notification_vpn_lock
notification_wc
notification_wifi
notification_wifi_off
places_ac_unit
places_airport_shuttle
places_all_inclusive
places_apartment
places_baby_changing_station
places_backpack
places_balcony
places_bathtub
places_beach_access
places_bento
places_bungalow
places_business_center
places_cabin
places_carpenter
places_casino
places_chalet
places_charging_station
places_checkroom
places_child_care
places_child_friendly
places_corporate_fare
places_cottage
places_countertops
places_crib
places_desk
places_do_not_step
places_do_not_touch
places_dry
places_elevator
places_escalator
places_escalator_warning
places_family_restroom
places_fence
places_fire_extinguisher
places_fitness_center
places_food_bank
places_foundation
places_free_breakfast
places_gite
places_golf_course
places_grass
places_holiday_village
places_hot_tub
places_house
places_house_siding
places_houseboat
places_iron
places_kitchen
places_meeting_room
places_microwave
places_night_shelter
places_no_backpack
places_no_cell
places_no_drinks
places_no_flash
places_no_food
places_no_meeting_room
places_no_photography
places_no_stroller
places_other_houses
places_pool
places_rice_bowl
places_roofing
places_room_preferences
places_room_service
places_rv_hookup
places_smoke_free
places_smoking_rooms
places_soap
places_spa
places_sports_bar
places_stairs
places_storefront
places_stroller
places_tapas
places_tty
places_umbrella
places_vape_free
places_vaping_rooms
places_villa
places_wash
places_water_damage
places_wheelchair_pickup
search_bathroom
search_bed
search_bedroom_baby
search_bedroom_child
search_bedroom_parent
search_blender
search_camera_indoor
search_camera_outdoor
search_chair
search_chair_alt
search_coffee
search_coffee_maker
search_dining
search_door_back
search_door_front
search_door_sliding
search_doorbell
search_feed
search_flatware
search_garage
search_light
search_living
search_manage_search
search_podcasts
search_shower
search_table_bar
search_table_restaurant
search_window
search_yard
social_18_up_rating
social_6_ft_apart
social_add_moderator
social_add_reaction
social_architecture
social_assist_walker
social_back_hand
social_blind
social_boy
social_cake
social_catching_pokemon
social_clean_hands
social_co2
social_compost
social_connect_without_contact
social_construction
social_cookie
social_coronavirus
social_cruelty_free
social_cyclone
social_deck
social_dew_point
social_diversity_1
social_diversity_2
social_diversity_3
social_domain
social_domain_add
social_downhill_skiing
social_edit_notifications
social_elderly
social_elderly_woman
social_emoji_emotions
social_emoji_events
social_emoji_flags
social_emoji_food_beverage
social_emoji_nature
social_emoji_objects
social_emoji_people
social_emoji_symbols
social_emoji_transportation
social_engineering
social_face_2
social_face_3
social_face_4
social_face_5
social_face_6
social_facebook
social_female
social_fireplace
social_fitbit
social_flood
social_follow_the_signs
social_front_hand
social_girl
social_group
social_group_add
social_group_off
social_group_remove
social_groups
social_groups_2
social_groups_3
social_handshake
social_health_and_safety
social_heart_broken
social_hiking
social_history_edu
social_hive
social_ice_skating
social_interests
social_ios_share
social_kayaking
social_king_bed
social_kitesurfing
social_landslide
social_location_city
social_luggage
social_male
social_man
social_man_2
social_man_3
social_man_4
social_masks
social_military_tech
social_mood
social_mood_bad
social_nights_stay
social_no_adult_content
social_no_luggage
social_nordic_walking
social_notification_add
social_notifications
social_notifications_active
social_notifications_none
social_notifications_off
social_notifications_paused
social_outdoor_grill
social_pages
social_paragliding
social_party_mode
social_people
social_people_alt
social_people_outline
social_person
social_person_2
social_person_3
social_person_4
social_person_add
social_person_add_alt
social_person_add_alt_1
social_person_off
social_person_outline
social_person_remove
social_person_remove_alt_1
social_personal_injury
social_piano
social_piano_off
social_pix
social_plus_one
social_poll
social_precision_manufacturing
social_psychology
social_psychology_alt
social_public
social_public_off
social_real_estate_agent
social_recommend
social_recycling
social_reduce_capacity
social_remove_moderator
social_roller_skating
social_safety_divider
social_sanitizer
social_scale
social_school
social_science
social_scoreboard
social_scuba_diving
social_self_improvement
social_sentiment_dissatisfied
social_sentiment_neutral
social_sentiment_satisfied
social_sentiment_very_dissatisfied
social_sentiment_very_satisfied
social_severe_cold
social_share
social_sick
social_sign_language
social_single_bed
social_skateboarding
social_sledding
social_snowboarding
social_snowshoeing
social_social_distance
social_south_america
social_sports
social_sports_baseball
social_sports_basketball
social_sports_cricket
social_sports_esports
social_sports_football
social_sports_golf
social_sports_gymnastics
social_sports_handball
social_sports_hockey
social_sports_kabaddi
social_sports_martial_arts
social_sports_mma
social_sports_motorsports
social_sports_rugby
social_sports_soccer
social_sports_tennis
social_sports_volleyball
social_surfing
social_switch_account
social_thumb_down_alt
social_thumb_up_alt
social_thunderstorm
social_tornado
social_transgender
social_travel_explore
social_tsunami
social_vaccines
social_volcano
social_wallet
social_water_drop
social_waving_hand
social_whatsapp
social_whatshot
social_woman
social_woman_2
social_workspace_premium
toggle_check_box
toggle_check_box_outline_blank
toggle_indeterminate_check_box
toggle_radio_button_checked
toggle_radio_button_unchecked
toggle_star
toggle_star_border
toggle_star_border_purple500
toggle_star_half
toggle_star_outline
toggle_star_purple500
toggle_toggle_off
toggle_toggle_on
